// Jest Snapshot v1, https://goo.gl/fbAQLP

exports[`AppSideBar matches snapshot 1`] = `
<Router
  history={
    Object {
      "action": "POP",
      "block": [Function],
      "createHref": [Function],
      "go": [Function],
      "goBack": [Function],
      "goForward": [Function],
      "length": 1,
      "listen": [Function],
      "location": Object {
        "hash": "",
        "pathname": "/",
        "search": "",
        "state": undefined,
      },
      "push": [Function],
      "replace": [Function],
    }
  }
>
   
  <SideBar
    onClose={[MockFunction]}
    open={true}
    user={
      Object {
        "role": "Admin",
      }
    }
  />
</Router>
`;
