// Jest Snapshot v1, https://goo.gl/fbAQLP

exports[`LanguageMenu matches snapshot 1`] = `
<Fragment>
  <Notification
    error={false}
    errorMessage={Array []}
    id="notification"
    open={false}
    setOpen={[Function]}
  />
  <WithStyles(ForwardRef(Button))
    aria-controls="language-menu"
    aria-haspopup="true"
    color="primary"
    onClick={[Function]}
    startIcon={<UNDEFINED />}
    variant="contained"
  >
    English
  </WithStyles(ForwardRef(Button))>
  <WithStyles(ForwardRef(Menu))
    anchorEl={null}
    id="language-menu"
    keepMounted={true}
    onClose={[Function]}
    open={false}
  >
    <WithStyles(ForwardRef(MenuItem))
      onClick={[Function]}
    >
      English
    </WithStyles(ForwardRef(MenuItem))>
    <WithStyles(ForwardRef(MenuItem))
      onClick={[Function]}
    >
      العربية
    </WithStyles(ForwardRef(MenuItem))>
  </WithStyles(ForwardRef(Menu))>
</Fragment>
`;
