// Jest Snapshot v1, https://goo.gl/fbAQLP

exports[`AddToSetDialog AddToSetDialog matches snapshot 1`] = `"<div role=\\"presentation\\" class=\\"MuiDialog-root\\" style=\\"position: fixed; z-index: 1300; right: 0px; bottom: 0px; top: 0px; left: 0px;\\"><div class=\\"MuiBackdrop-root\\" aria-hidden=\\"true\\" style=\\"opacity: 1; webkit-transition: opacity 225ms cubic-bezier(0.4, 0, 0.2, 1) 0ms; transition: opacity 225ms cubic-bezier(0.4, 0, 0.2, 1) 0ms;\\"></div><div tabindex=\\"0\\" data-test=\\"sentinelStart\\"></div><div class=\\"MuiDialog-container MuiDialog-scrollPaper\\" style=\\"opacity: 1; webkit-transition: opacity 225ms cubic-bezier(0.4, 0, 0.2, 1) 0ms; transition: opacity 225ms cubic-bezier(0.4, 0, 0.2, 1) 0ms;\\" role=\\"none presentation\\" tabindex=\\"-1\\"><div class=\\"MuiPaper-root MuiDialog-paper MuiDialog-paperScrollPaper MuiDialog-paperWidthXs MuiPaper-elevation24 MuiPaper-rounded\\" role=\\"dialog\\" aria-labelledby=\\"simple-dialog-title\\"><div style=\\"text-align: left;\\"><div class=\\"MuiDialogTitle-root\\" id=\\"simple-dialog-title\\"><h2 class=\\"MuiTypography-root MuiTypography-h6\\">actions</h2></div></div><ul class=\\"MuiList-root MuiList-padding\\"><div class=\\"MuiButtonBase-root MuiListItem-root MuiListItem-gutters MuiListItem-button Mui-focusVisible Mui-focusVisible\\" tabindex=\\"0\\" role=\\"button\\" aria-disabled=\\"false\\"><div class=\\"MuiListItemAvatar-root\\"><div class=\\"MuiAvatar-root MuiAvatar-circle makeStyles-avatar-1 MuiAvatar-colorDefault\\"><svg class=\\"MuiSvgIcon-root\\" focusable=\\"false\\" viewBox=\\"0 0 24 24\\" aria-hidden=\\"true\\" role=\\"presentation\\"><path d=\\"M19 13h-6v6h-2v-6H5v-2h6V5h2v6h6v2z\\"></path></svg></div></div><div class=\\"MuiListItemText-root\\"><span class=\\"MuiTypography-root MuiListItemText-primary MuiTypography-body1 MuiTypography-displayBlock\\">documentset_addnewdocumentset</span></div><span class=\\"MuiTouchRipple-root\\"></span></div><div class=\\"MuiButtonBase-root MuiListItem-root MuiListItem-gutters MuiListItem-button Mui-focusVisible Mui-focusVisible\\" tabindex=\\"0\\" role=\\"button\\" aria-disabled=\\"false\\"><div class=\\"MuiListItemAvatar-root\\"><div class=\\"MuiAvatar-root MuiAvatar-circle makeStyles-avatar-1 MuiAvatar-colorDefault\\"><svg class=\\"MuiSvgIcon-root\\" focusable=\\"false\\" viewBox=\\"0 0 24 24\\" aria-hidden=\\"true\\" role=\\"presentation\\"><path d=\\"M19 13h-6v6h-2v-6H5v-2h6V5h2v6h6v2z\\"></path></svg></div></div><div class=\\"MuiListItemText-root\\"><span class=\\"MuiTypography-root MuiListItemText-primary MuiTypography-body1 MuiTypography-displayBlock\\">add_existing_set</span></div><span class=\\"MuiTouchRipple-root\\"></span></div><div class=\\"MuiButtonBase-root MuiListItem-root MuiListItem-gutters MuiListItem-button Mui-focusVisible Mui-focusVisible\\" tabindex=\\"0\\" role=\\"button\\" aria-disabled=\\"false\\"><div class=\\"MuiListItemAvatar-root\\"><div class=\\"MuiAvatar-root MuiAvatar-circle makeStyles-avatar-1 MuiAvatar-colorDefault\\"><svg class=\\"MuiSvgIcon-root\\" focusable=\\"false\\" viewBox=\\"0 0 24 24\\" aria-hidden=\\"true\\" role=\\"presentation\\"><path d=\\"M19 13h-6v6h-2v-6H5v-2h6V5h2v6h6v2z\\"></path></svg></div></div><div class=\\"MuiListItemText-root\\"><span class=\\"MuiTypography-root MuiListItemText-primary MuiTypography-body1 MuiTypography-displayBlock\\">add_document_to_set</span></div><span class=\\"MuiTouchRipple-root\\"></span></div></ul></div></div><div tabindex=\\"0\\" data-test=\\"sentinelEnd\\"></div></div>"`;
