// Jest Snapshot v1, https://goo.gl/fbAQLP

exports[`index index matches snapshot 1`] = `"<div class=\\"sc-AxhUy feYMlc\\">+</div>"`;
