// Jest Snapshot v1, https://goo.gl/fbAQLP

exports[`AddDocumentToSet AddDocumentToSet matches snapshot 1`] = `"<div></div>"`;
