// Jest Snapshot v1, https://goo.gl/fbAQLP

exports[`CreateDocumentSet CreateDocumentSet matches snapshot 1`] = `"<div role=\\"presentation\\" class=\\"MuiDialog-root\\" position=\\"centerCenter\\" style=\\"position: fixed; z-index: 1300; right: 0px; bottom: 0px; top: 0px; left: 0px;\\"><div class=\\"MuiBackdrop-root\\" aria-hidden=\\"true\\" style=\\"opacity: 1; webkit-transition: opacity 225ms cubic-bezier(0.4, 0, 0.2, 1) 0ms; transition: opacity 225ms cubic-bezier(0.4, 0, 0.2, 1) 0ms;\\"></div><div tabindex=\\"0\\" data-test=\\"sentinelStart\\"></div><div class=\\"MuiDialog-container MuiDialog-scrollPaper\\" style=\\"opacity: 1; webkit-transition: opacity 225ms cubic-bezier(0.4, 0, 0.2, 1) 0ms; transition: opacity 225ms cubic-bezier(0.4, 0, 0.2, 1) 0ms;\\" role=\\"none presentation\\" tabindex=\\"-1\\"><div class=\\"MuiPaper-root MuiDialog-paper MuiDialog-paperScrollPaper MuiDialog-paperWidthXs MuiPaper-elevation24 MuiPaper-rounded\\" role=\\"dialog\\"><div style=\\"text-align: left;\\"><div class=\\"MuiDialogTitle-root\\" id=\\"simple-dialog-title\\"><h2 class=\\"MuiTypography-root MuiTypography-h6\\">documentset_addnewdocumentset</h2></div></div><div class=\\"MuiDialogContent-root\\"><div class=\\"withI18nextTranslation(CreateDocumentSet)-root-1\\"><div class=\\"withI18nextTranslation(CreateDocumentSet)-box-2\\"><div style=\\"text-align: left;\\">documentset_entername</div><div class=\\"MuiFormControl-root MuiTextField-root withI18nextTranslation(CreateDocumentSet)-textField-3 MuiFormControl-fullWidth\\"><label class=\\"MuiFormLabel-root MuiInputLabel-root MuiInputLabel-formControl MuiInputLabel-animated Mui-required Mui-required\\" data-shrink=\\"false\\" for=\\"standard-basic\\" id=\\"standard-basic-label\\">namelabel<span class=\\"MuiFormLabel-asterisk MuiInputLabel-asterisk\\">â€‰*</span></label><div class=\\"MuiInputBase-root MuiInput-root MuiInput-underline MuiInputBase-fullWidth MuiInput-fullWidth MuiInputBase-formControl MuiInput-formControl\\"><input aria-invalid=\\"false\\" aria-describedby=\\"standard-basic-helper-text\\" id=\\"standard-basic\\" required=\\"\\" type=\\"text\\" class=\\"MuiInputBase-input MuiInput-input\\" value=\\"\\"></div><p class=\\"MuiFormHelperText-root Mui-required\\" id=\\"standard-basic-helper-text\\">hypertext_required</p></div><br><button class=\\"MuiButtonBase-root MuiButton-root MuiButton-contained withI18nextTranslation(CreateDocumentSet)-Button-4 MuiButton-containedPrimary MuiButton-fullWidth\\" tabindex=\\"0\\" type=\\"button\\"><span class=\\"MuiButton-label\\"> button_submit</span><span class=\\"MuiTouchRipple-root\\"></span></button></div></div></div><div class=\\"MuiDialogActions-root MuiDialogActions-spacing\\"><button class=\\"MuiButtonBase-root MuiButton-root MuiButton-text MuiButton-textPrimary\\" tabindex=\\"0\\" type=\\"button\\" id=\\"CancelButton\\"><span class=\\"MuiButton-label\\">cancel</span><span class=\\"MuiTouchRipple-root\\"></span></button></div></div></div><div tabindex=\\"0\\" data-test=\\"sentinelEnd\\"></div></div>"`;
