// Jest Snapshot v1, https://goo.gl/fbAQLP

exports[`BoolValue matches snapshot 1`] = `
<div>
  <label
    className="MuiFormControlLabel-root"
  >
    <span
      aria-disabled={false}
      className="MuiButtonBase-root MuiIconButton-root PrivateSwitchBase-root-13 MuiCheckbox-root MuiCheckbox-colorSecondary MuiIconButton-colorSecondary"
      onBlur={[Function]}
      onDragLeave={[Function]}
      onFocus={[Function]}
      onKeyDown={[Function]}
      onKeyUp={[Function]}
      onMouseDown={[Function]}
      onMouseLeave={[Function]}
      onMouseUp={[Function]}
      onTouchEnd={[Function]}
      onTouchMove={[Function]}
      onTouchStart={[Function]}
      tabIndex={null}
    >
      <span
        className="MuiIconButton-label"
      >
        <input
          aria-label="primary checkbox"
          checked={false}
          className="PrivateSwitchBase-input-16"
          data-indeterminate={false}
          onChange={[Function]}
          type="checkbox"
          value="primary"
        />
        <svg
          aria-hidden="true"
          className="MuiSvgIcon-root"
          focusable="false"
          role="presentation"
          viewBox="0 0 24 24"
        >
          <path
            d="M19 5v14H5V5h14m0-2H5c-1.1 0-2 .9-2 2v14c0 1.1.9 2 2 2h14c1.1 0 2-.9 2-2V5c0-1.1-.9-2-2-2z"
          />
        </svg>
      </span>
    </span>
    <span
      className="MuiTypography-root MuiFormControlLabel-label MuiTypography-body1"
    />
  </label>
</div>
`;
