// Jest Snapshot v1, https://goo.gl/fbAQLP

exports[`BrowseAggregatedDocsPopUp BrowseAggregatedDocsPopUp matches snapshot 1`] = `<div />`;
