// Jest Snapshot v1, https://goo.gl/fbAQLP

exports[`ConfirmUpdateDialog ConfirmUpdateDialog matches snapshot 1`] = `<div />`;
