// Jest Snapshot v1, https://goo.gl/fbAQLP

exports[`DocumentToPDF matches the snapshot 1`] = `ReactWrapper {}`;
