// Jest Snapshot v1, https://goo.gl/fbAQLP

exports[`DocumentForm matches the snapshot 1`] = `ReactWrapper {}`;
