// Jest Snapshot v1, https://goo.gl/fbAQLP

exports[`DocumentTable DocumentTable matches snapshot 1`] = `"<div style=\\"max-width: 100%;\\"><div class=\\"MuiPaper-root MuiPaper-elevation2 MuiPaper-rounded\\" style=\\"position: relative;\\"><div class=\\"MuiToolbar-root MuiToolbar-regular TableBodyToolbar-root-33 MuiToolbar-gutters\\"><div class=\\"TableBodyToolbar-title-37\\"><h6 class=\\"MuiTypography-root MuiTypography-h6\\">browsedocuments</h6></div><div class=\\"TableBodyToolbar-spacer-35\\"></div><div class=\\"MuiFormControl-root MuiTextField-root TableBodyToolbar-searchField-38\\"><div class=\\"MuiInputBase-root MuiInput-root MuiInput-underline MuiInputBase-formControl MuiInput-formControl MuiInputBase-adornedStart MuiInputBase-adornedEnd\\"><div class=\\"MuiInputAdornment-root MuiInputAdornment-positionStart\\"><svg class=\\"MuiSvgIcon-root MuiSvgIcon-fontSizeSmall\\" focusable=\\"false\\" viewBox=\\"0 0 24 24\\" aria-hidden=\\"true\\" role=\\"presentation\\" title=\\"search\\"><path d=\\"M15.5 14h-.79l-.28-.27C15.41 12.59 16 11.11 16 9.5 16 5.91 13.09 3 9.5 3S3 5.91 3 9.5 5.91 16 9.5 16c1.61 0 3.09-.59 4.23-1.57l.27.28v.79l5 4.99L20.49 19l-4.99-5zm-6 0C7.01 14 5 11.99 5 9.5S7.01 5 9.5 5 14 7.01 14 9.5 11.99 14 9.5 14z\\"></path></svg></div><input aria-invalid=\\"false\\" id=\\"textFieldrRenderSearch\\" placeholder=\\"search\\" type=\\"text\\" class=\\"MuiInputBase-input MuiInput-input MuiInputBase-inputAdornedStart MuiInputBase-inputAdornedEnd\\" value=\\"\\"><div class=\\"MuiInputAdornment-root MuiInputAdornment-positionEnd\\"><button class=\\"MuiButtonBase-root MuiIconButton-root Mui-disabled Mui-disabled\\" tabindex=\\"-1\\" type=\\"button\\" disabled=\\"\\" id=\\"iconButtonRenderSearch\\"><span class=\\"MuiIconButton-label\\"><svg class=\\"MuiSvgIcon-root MuiSvgIcon-fontSizeSmall\\" focusable=\\"false\\" viewBox=\\"0 0 24 24\\" aria-hidden=\\"true\\" role=\\"presentation\\"><path d=\\"M19 6.41L17.59 5 12 10.59 6.41 5 5 6.41 10.59 12 5 17.59 6.41 19 12 13.41 17.59 19 19 17.59 13.41 12z\\"></path></svg></span></button></div></div></div><div class=\\"TableBodyToolbar-actions-36\\"><div><div><span><button class=\\"MuiButtonBase-root MuiIconButton-root MuiIconButton-colorInherit\\" tabindex=\\"0\\" type=\\"button\\" id=\\"iconButton2RenderDefaultActions\\" aria-label=\\"Export\\" title=\\"export_as_csv\\"><span class=\\"MuiIconButton-label\\"><svg class=\\"MuiSvgIcon-root\\" focusable=\\"false\\" viewBox=\\"0 0 24 24\\" aria-hidden=\\"true\\" role=\\"presentation\\"><path d=\\"M19 12v7H5v-7H3v7c0 1.1.9 2 2 2h14c1.1 0 2-.9 2-2v-7h-2zm-6 .67l2.59-2.58L17 11.5l-5 5-5-5 1.41-1.41L11 12.67V3h2z\\"></path></svg></span><span class=\\"MuiTouchRipple-root\\"></span></button></span><span></span></div></div></div></div><div class=\\"Component-horizontalScrollContainer-153\\" style=\\"overflow-x: auto; position: relative;\\"><div><div style=\\"overflow-y: auto;\\"><div><table class=\\"MuiTable-root\\" style=\\"table-layout: auto;\\"><thead class=\\"MuiTableHead-root\\"><tr class=\\"MuiTableRow-root MuiTableRow-head\\"><th class=\\"MuiTableCell-root MuiTableCell-head MTableHeader-header-156 MuiTableCell-paddingNone\\" scope=\\"col\\" style=\\"width: 48px;\\"><span class=\\"MuiButtonBase-root MuiIconButton-root PrivateSwitchBase-root-181 MuiCheckbox-root MuiCheckbox-colorSecondary MuiIconButton-colorSecondary\\" aria-disabled=\\"false\\"><span class=\\"MuiIconButton-label\\"><input class=\\"PrivateSwitchBase-input-184\\" type=\\"checkbox\\" data-indeterminate=\\"false\\" value=\\"\\"><svg class=\\"MuiSvgIcon-root\\" focusable=\\"false\\" viewBox=\\"0 0 24 24\\" aria-hidden=\\"true\\" role=\\"presentation\\"><path d=\\"M19 5v14H5V5h14m0-2H5c-1.1 0-2 .9-2 2v14c0 1.1.9 2 2 2h14c1.1 0 2-.9 2-2V5c0-1.1-.9-2-2-2z\\"></path></svg></span><span class=\\"MuiTouchRipple-root\\"></span></span></th><th class=\\"MuiTableCell-root MuiTableCell-head MTableHeader-header-156 MuiTableCell-paddingCheckbox\\" scope=\\"col\\" style=\\"width: 432px; text-align: center; box-sizing: border-box;\\"><span class=\\"MuiButtonBase-root MuiTableSortLabel-root Mui-disabled\\" tabindex=\\"-1\\" role=\\"button\\" aria-disabled=\\"true\\">actions<svg class=\\"MuiSvgIcon-root MuiTableSortLabel-icon MuiTableSortLabel-iconDirectionAsc\\" focusable=\\"false\\" viewBox=\\"0 0 24 24\\" aria-hidden=\\"true\\" role=\\"presentation\\"><path d=\\"M20 12l-1.41-1.41L13 16.17V4h-2v12.17l-5.58-5.59L4 12l8 8 8-8z\\"></path></svg></span></th></tr></thead><tbody class=\\"MuiTableBody-root\\"><tr class=\\"MuiTableRow-root\\" id=\\"tableRow1\\" index=\\"0\\" level=\\"0\\" localization=\\"[object Object]\\" actions=\\"[object Object],[object Object],[object Object],[object Object],[object Object],[object Object],[object Object],[object Object],[object Object],[object Object],[object Object]\\" path=\\"0\\" style=\\"transition: all ease 300ms;\\"><td class=\\"MuiTableCell-root MuiTableCell-body MuiTableCell-paddingNone\\" id=\\"tableCellRenderSelectionColumn\\" style=\\"width: 33px;\\"><span class=\\"MuiButtonBase-root MuiIconButton-root PrivateSwitchBase-root-181 MuiCheckbox-root MuiCheckbox-colorSecondary MuiIconButton-colorSecondary\\" aria-disabled=\\"false\\" style=\\"margin-left: 0px;\\"><span class=\\"MuiIconButton-label\\"><input class=\\"PrivateSwitchBase-input-184\\" id=\\"checkBoxRenderSelectionColumn\\" type=\\"checkbox\\" data-indeterminate=\\"false\\" value=\\"0\\"><svg class=\\"MuiSvgIcon-root\\" focusable=\\"false\\" viewBox=\\"0 0 24 24\\" aria-hidden=\\"true\\" role=\\"presentation\\"><path d=\\"M19 5v14H5V5h14m0-2H5c-1.1 0-2 .9-2 2v14c0 1.1.9 2 2 2h14c1.1 0 2-.9 2-2V5c0-1.1-.9-2-2-2z\\"></path></svg></span><span class=\\"MuiTouchRipple-root\\"></span></span></td><td class=\\"MuiTableCell-root MuiTableCell-body MuiTableCell-paddingNone\\" style=\\"width: 378px; padding: 0px 5px;\\"><div style=\\"display: flex;\\"><button class=\\"MuiButtonBase-root MuiIconButton-root MuiIconButton-colorInherit\\" tabindex=\\"0\\" type=\\"button\\" title=\\"view_document\\"><span class=\\"MuiIconButton-label\\"><svg class=\\"MuiSvgIcon-root\\" focusable=\\"false\\" viewBox=\\"0 0 24 24\\" aria-hidden=\\"true\\" role=\\"presentation\\"><path d=\\"M12 4.5C7 4.5 2.73 7.61 1 12c1.73 4.39 6 7.5 11 7.5s9.27-3.11 11-7.5c-1.73-4.39-6-7.5-11-7.5zM12 17c-2.76 0-5-2.24-5-5s2.24-5 5-5 5 2.24 5 5-2.24 5-5 5zm0-8c-1.66 0-3 1.34-3 3s1.34 3 3 3 3-1.34 3-3-1.34-3-3-3z\\"></path></svg></span><span class=\\"MuiTouchRipple-root\\"></span></button><button class=\\"MuiButtonBase-root MuiIconButton-root MuiIconButton-colorInherit\\" tabindex=\\"0\\" type=\\"button\\" title=\\"update_document\\"><span class=\\"MuiIconButton-label\\"><svg class=\\"MuiSvgIcon-root\\" focusable=\\"false\\" viewBox=\\"0 0 24 24\\" aria-hidden=\\"true\\" role=\\"presentation\\"><path d=\\"M21 10.12h-6.78l2.74-2.82c-2.73-2.7-7.15-2.8-9.88-.1-2.73 2.71-2.73 7.08 0 9.79s7.15 2.71 9.88 0C18.32 15.65 19 14.08 19 12.1h2c0 1.98-.88 4.55-2.64 6.29-3.51 3.48-9.21 3.48-12.72 0-3.5-3.47-3.53-9.11-.02-12.58s9.14-3.47 12.65 0L21 3v7.12zM12.5 8v4.25l3.5 2.08-.72 1.21L11 13V8h1.5z\\"></path></svg></span><span class=\\"MuiTouchRipple-root\\"></span></button><button class=\\"MuiButtonBase-root MuiIconButton-root MuiIconButton-colorInherit\\" tabindex=\\"0\\" type=\\"button\\" title=\\"documenttable_deletedoc\\"><span class=\\"MuiIconButton-label\\"><svg class=\\"MuiSvgIcon-root\\" focusable=\\"false\\" viewBox=\\"0 0 24 24\\" aria-hidden=\\"true\\" role=\\"presentation\\"><path d=\\"M6 19c0 1.1.9 2 2 2h8c1.1 0 2-.9 2-2V7H6v12zM19 4h-3.5l-1-1h-5l-1 1H5v2h14V4z\\"></path></svg></span><span class=\\"MuiTouchRipple-root\\"></span></button><button class=\\"MuiButtonBase-root MuiIconButton-root MuiIconButton-colorInherit\\" tabindex=\\"0\\" type=\\"button\\" title=\\"documenttable_archivedoc\\"><span class=\\"MuiIconButton-label\\"><svg class=\\"MuiSvgIcon-root\\" focusable=\\"false\\" viewBox=\\"0 0 24 24\\" aria-hidden=\\"true\\" role=\\"presentation\\"><path d=\\"M20.54 5.23l-1.39-1.68C18.88 3.21 18.47 3 18 3H6c-.47 0-.88.21-1.16.55L3.46 5.23C3.17 5.57 3 6.02 3 6.5V19c0 1.1.9 2 2 2h14c1.1 0 2-.9 2-2V6.5c0-.48-.17-.93-.46-1.27zM12 17.5L6.5 12H10v-2h4v2h3.5L12 17.5zM5.12 5l.81-1h12l.94 1H5.12z\\"></path></svg></span><span class=\\"MuiTouchRipple-root\\"></span></button><button class=\\"MuiButtonBase-root MuiIconButton-root MuiIconButton-colorInherit\\" tabindex=\\"0\\" type=\\"button\\" title=\\"email_document\\"><span class=\\"MuiIconButton-label\\"><svg class=\\"MuiSvgIcon-root\\" focusable=\\"false\\" viewBox=\\"0 0 24 24\\" aria-hidden=\\"true\\" role=\\"presentation\\"><path d=\\"M20 4H4c-1.1 0-1.99.9-1.99 2L2 18c0 1.1.9 2 2 2h16c1.1 0 2-.9 2-2V6c0-1.1-.9-2-2-2zm0 4l-8 5-8-5V6l8 5 8-5v2z\\"></path></svg></span><span class=\\"MuiTouchRipple-root\\"></span></button><button class=\\"MuiButtonBase-root MuiIconButton-root MuiIconButton-colorInherit\\" tabindex=\\"0\\" type=\\"button\\" title=\\"print_document\\"><span class=\\"MuiIconButton-label\\"><svg class=\\"MuiSvgIcon-root\\" focusable=\\"false\\" viewBox=\\"0 0 24 24\\" aria-hidden=\\"true\\" role=\\"presentation\\"><path d=\\"M19 8H5c-1.66 0-3 1.34-3 3v6h4v4h12v-4h4v-6c0-1.66-1.34-3-3-3zm-3 11H8v-5h8v5zm3-7c-.55 0-1-.45-1-1s.45-1 1-1 1 .45 1 1-.45 1-1 1zm-1-9H6v4h12V3z\\"></path></svg></span><span class=\\"MuiTouchRipple-root\\"></span></button><button class=\\"MuiButtonBase-root MuiIconButton-root MuiIconButton-colorInherit\\" tabindex=\\"0\\" type=\\"button\\" title=\\"view_doc_history\\"><span class=\\"MuiIconButton-label\\"><svg class=\\"MuiSvgIcon-root\\" focusable=\\"false\\" viewBox=\\"0 0 24 24\\" aria-hidden=\\"true\\" role=\\"presentation\\"><path d=\\"M13 3c-4.97 0-9 4.03-9 9H1l3.89 3.89.07.14L9 12H6c0-3.87 3.13-7 7-7s7 3.13 7 7-3.13 7-7 7c-1.93 0-3.68-.79-4.94-2.06l-1.42 1.42C8.27 19.99 10.51 21 13 21c4.97 0 9-4.03 9-9s-4.03-9-9-9zm-1 5v5l4.28 2.54.72-1.21-3.5-2.08V8H12z\\"></path></svg></span><span class=\\"MuiTouchRipple-root\\"></span></button><button class=\\"MuiButtonBase-root MuiIconButton-root MuiIconButton-colorInherit\\" tabindex=\\"0\\" type=\\"button\\" title=\\"download_document_as_PDF\\"><span class=\\"MuiIconButton-label\\"><svg class=\\"MuiSvgIcon-root\\" focusable=\\"false\\" viewBox=\\"0 0 24 24\\" aria-hidden=\\"true\\" role=\\"presentation\\"><path d=\\"M19 9h-4V3H9v6H5l7 7 7-7zM5 18v2h14v-2H5z\\"></path></svg></span><span class=\\"MuiTouchRipple-root\\"></span></button><button class=\\"MuiButtonBase-root MuiIconButton-root MuiIconButton-colorInherit\\" tabindex=\\"0\\" type=\\"button\\" title=\\"view_attachments\\"><span class=\\"MuiIconButton-label\\"><svg class=\\"MuiSvgIcon-root\\" focusable=\\"false\\" viewBox=\\"0 0 24 24\\" aria-hidden=\\"true\\" role=\\"presentation\\"><path d=\\"M2 12.5C2 9.46 4.46 7 7.5 7H18c2.21 0 4 1.79 4 4s-1.79 4-4 4H9.5C8.12 15 7 13.88 7 12.5S8.12 10 9.5 10H17v2H9.41c-.55 0-.55 1 0 1H18c1.1 0 2-.9 2-2s-.9-2-2-2H7.5C5.57 9 4 10.57 4 12.5S5.57 16 7.5 16H17v2H7.5C4.46 18 2 15.54 2 12.5z\\"></path></svg></span><span class=\\"MuiTouchRipple-root\\"></span></button></div></td></tr><tr class=\\"MuiTableRow-root\\" id=\\"tableRow1\\" index=\\"1\\" level=\\"0\\" localization=\\"[object Object]\\" actions=\\"[object Object],[object Object],[object Object],[object Object],[object Object],[object Object],[object Object],[object Object],[object Object],[object Object],[object Object]\\" path=\\"1\\" style=\\"transition: all ease 300ms;\\"><td class=\\"MuiTableCell-root MuiTableCell-body MuiTableCell-paddingNone\\" id=\\"tableCellRenderSelectionColumn\\" style=\\"width: 33px;\\"><span class=\\"MuiButtonBase-root MuiIconButton-root PrivateSwitchBase-root-181 MuiCheckbox-root MuiCheckbox-colorSecondary MuiIconButton-colorSecondary\\" aria-disabled=\\"false\\" style=\\"margin-left: 0px;\\"><span class=\\"MuiIconButton-label\\"><input class=\\"PrivateSwitchBase-input-184\\" id=\\"checkBoxRenderSelectionColumn\\" type=\\"checkbox\\" data-indeterminate=\\"false\\" value=\\"1\\"><svg class=\\"MuiSvgIcon-root\\" focusable=\\"false\\" viewBox=\\"0 0 24 24\\" aria-hidden=\\"true\\" role=\\"presentation\\"><path d=\\"M19 5v14H5V5h14m0-2H5c-1.1 0-2 .9-2 2v14c0 1.1.9 2 2 2h14c1.1 0 2-.9 2-2V5c0-1.1-.9-2-2-2z\\"></path></svg></span><span class=\\"MuiTouchRipple-root\\"></span></span></td><td class=\\"MuiTableCell-root MuiTableCell-body MuiTableCell-paddingNone\\" style=\\"width: 378px; padding: 0px 5px;\\"><div style=\\"display: flex;\\"><button class=\\"MuiButtonBase-root MuiIconButton-root MuiIconButton-colorInherit\\" tabindex=\\"0\\" type=\\"button\\" title=\\"view_document\\"><span class=\\"MuiIconButton-label\\"><svg class=\\"MuiSvgIcon-root\\" focusable=\\"false\\" viewBox=\\"0 0 24 24\\" aria-hidden=\\"true\\" role=\\"presentation\\"><path d=\\"M12 4.5C7 4.5 2.73 7.61 1 12c1.73 4.39 6 7.5 11 7.5s9.27-3.11 11-7.5c-1.73-4.39-6-7.5-11-7.5zM12 17c-2.76 0-5-2.24-5-5s2.24-5 5-5 5 2.24 5 5-2.24 5-5 5zm0-8c-1.66 0-3 1.34-3 3s1.34 3 3 3 3-1.34 3-3-1.34-3-3-3z\\"></path></svg></span><span class=\\"MuiTouchRipple-root\\"></span></button><button class=\\"MuiButtonBase-root MuiIconButton-root MuiIconButton-colorInherit\\" tabindex=\\"0\\" type=\\"button\\" title=\\"update_document\\"><span class=\\"MuiIconButton-label\\"><svg class=\\"MuiSvgIcon-root\\" focusable=\\"false\\" viewBox=\\"0 0 24 24\\" aria-hidden=\\"true\\" role=\\"presentation\\"><path d=\\"M21 10.12h-6.78l2.74-2.82c-2.73-2.7-7.15-2.8-9.88-.1-2.73 2.71-2.73 7.08 0 9.79s7.15 2.71 9.88 0C18.32 15.65 19 14.08 19 12.1h2c0 1.98-.88 4.55-2.64 6.29-3.51 3.48-9.21 3.48-12.72 0-3.5-3.47-3.53-9.11-.02-12.58s9.14-3.47 12.65 0L21 3v7.12zM12.5 8v4.25l3.5 2.08-.72 1.21L11 13V8h1.5z\\"></path></svg></span><span class=\\"MuiTouchRipple-root\\"></span></button><button class=\\"MuiButtonBase-root MuiIconButton-root MuiIconButton-colorInherit\\" tabindex=\\"0\\" type=\\"button\\" title=\\"documenttable_deletedoc\\"><span class=\\"MuiIconButton-label\\"><svg class=\\"MuiSvgIcon-root\\" focusable=\\"false\\" viewBox=\\"0 0 24 24\\" aria-hidden=\\"true\\" role=\\"presentation\\"><path d=\\"M6 19c0 1.1.9 2 2 2h8c1.1 0 2-.9 2-2V7H6v12zM19 4h-3.5l-1-1h-5l-1 1H5v2h14V4z\\"></path></svg></span><span class=\\"MuiTouchRipple-root\\"></span></button><button class=\\"MuiButtonBase-root MuiIconButton-root MuiIconButton-colorInherit\\" tabindex=\\"0\\" type=\\"button\\" title=\\"documenttable_archivedoc\\"><span class=\\"MuiIconButton-label\\"><svg class=\\"MuiSvgIcon-root\\" focusable=\\"false\\" viewBox=\\"0 0 24 24\\" aria-hidden=\\"true\\" role=\\"presentation\\"><path d=\\"M20.54 5.23l-1.39-1.68C18.88 3.21 18.47 3 18 3H6c-.47 0-.88.21-1.16.55L3.46 5.23C3.17 5.57 3 6.02 3 6.5V19c0 1.1.9 2 2 2h14c1.1 0 2-.9 2-2V6.5c0-.48-.17-.93-.46-1.27zM12 17.5L6.5 12H10v-2h4v2h3.5L12 17.5zM5.12 5l.81-1h12l.94 1H5.12z\\"></path></svg></span><span class=\\"MuiTouchRipple-root\\"></span></button><button class=\\"MuiButtonBase-root MuiIconButton-root MuiIconButton-colorInherit\\" tabindex=\\"0\\" type=\\"button\\" title=\\"email_document\\"><span class=\\"MuiIconButton-label\\"><svg class=\\"MuiSvgIcon-root\\" focusable=\\"false\\" viewBox=\\"0 0 24 24\\" aria-hidden=\\"true\\" role=\\"presentation\\"><path d=\\"M20 4H4c-1.1 0-1.99.9-1.99 2L2 18c0 1.1.9 2 2 2h16c1.1 0 2-.9 2-2V6c0-1.1-.9-2-2-2zm0 4l-8 5-8-5V6l8 5 8-5v2z\\"></path></svg></span><span class=\\"MuiTouchRipple-root\\"></span></button><button class=\\"MuiButtonBase-root MuiIconButton-root MuiIconButton-colorInherit\\" tabindex=\\"0\\" type=\\"button\\" title=\\"print_document\\"><span class=\\"MuiIconButton-label\\"><svg class=\\"MuiSvgIcon-root\\" focusable=\\"false\\" viewBox=\\"0 0 24 24\\" aria-hidden=\\"true\\" role=\\"presentation\\"><path d=\\"M19 8H5c-1.66 0-3 1.34-3 3v6h4v4h12v-4h4v-6c0-1.66-1.34-3-3-3zm-3 11H8v-5h8v5zm3-7c-.55 0-1-.45-1-1s.45-1 1-1 1 .45 1 1-.45 1-1 1zm-1-9H6v4h12V3z\\"></path></svg></span><span class=\\"MuiTouchRipple-root\\"></span></button><button class=\\"MuiButtonBase-root MuiIconButton-root MuiIconButton-colorInherit\\" tabindex=\\"0\\" type=\\"button\\" title=\\"view_doc_history\\"><span class=\\"MuiIconButton-label\\"><svg class=\\"MuiSvgIcon-root\\" focusable=\\"false\\" viewBox=\\"0 0 24 24\\" aria-hidden=\\"true\\" role=\\"presentation\\"><path d=\\"M13 3c-4.97 0-9 4.03-9 9H1l3.89 3.89.07.14L9 12H6c0-3.87 3.13-7 7-7s7 3.13 7 7-3.13 7-7 7c-1.93 0-3.68-.79-4.94-2.06l-1.42 1.42C8.27 19.99 10.51 21 13 21c4.97 0 9-4.03 9-9s-4.03-9-9-9zm-1 5v5l4.28 2.54.72-1.21-3.5-2.08V8H12z\\"></path></svg></span><span class=\\"MuiTouchRipple-root\\"></span></button><button class=\\"MuiButtonBase-root MuiIconButton-root MuiIconButton-colorInherit\\" tabindex=\\"0\\" type=\\"button\\" title=\\"download_document_as_PDF\\"><span class=\\"MuiIconButton-label\\"><svg class=\\"MuiSvgIcon-root\\" focusable=\\"false\\" viewBox=\\"0 0 24 24\\" aria-hidden=\\"true\\" role=\\"presentation\\"><path d=\\"M19 9h-4V3H9v6H5l7 7 7-7zM5 18v2h14v-2H5z\\"></path></svg></span><span class=\\"MuiTouchRipple-root\\"></span></button><button class=\\"MuiButtonBase-root MuiIconButton-root MuiIconButton-colorInherit\\" tabindex=\\"0\\" type=\\"button\\" title=\\"view_attachments\\"><span class=\\"MuiIconButton-label\\"><svg class=\\"MuiSvgIcon-root\\" focusable=\\"false\\" viewBox=\\"0 0 24 24\\" aria-hidden=\\"true\\" role=\\"presentation\\"><path d=\\"M2 12.5C2 9.46 4.46 7 7.5 7H18c2.21 0 4 1.79 4 4s-1.79 4-4 4H9.5C8.12 15 7 13.88 7 12.5S8.12 10 9.5 10H17v2H9.41c-.55 0-.55 1 0 1H18c1.1 0 2-.9 2-2s-.9-2-2-2H7.5C5.57 9 4 10.57 4 12.5S5.57 16 7.5 16H17v2H7.5C4.46 18 2 15.54 2 12.5z\\"></path></svg></span><span class=\\"MuiTouchRipple-root\\"></span></button></div></td></tr><tr class=\\"MuiTableRow-root\\" style=\\"height: 49px;\\"></tr><tr class=\\"MuiTableRow-root\\" style=\\"height: 49px;\\"></tr><tr class=\\"MuiTableRow-root\\" style=\\"height: 49px;\\"></tr><tr class=\\"MuiTableRow-root\\" style=\\"height: 1px;\\"></tr></tbody></table></div></div></div></div><table class=\\"MuiTable-root\\"><tfoot class=\\"MuiTableFooter-root\\" style=\\"display: grid;\\"><tr class=\\"MuiTableRow-root MuiTableRow-footer\\"><td class=\\"MuiTableCell-root MuiTableCell-footer MuiTablePagination-root Component-paginationRoot-1\\" colspan=\\"3\\" style=\\"float: right; overflow-x: auto;\\" icons=\\"[object Object]\\"><div class=\\"MuiToolbar-root MuiToolbar-regular MuiTablePagination-toolbar Component-paginationToolbar-2 MuiToolbar-gutters\\"><div class=\\"MuiTablePagination-spacer\\"></div><p class=\\"MuiTypography-root MuiTablePagination-caption Component-paginationCaption-3 MuiTypography-body2 MuiTypography-colorInherit\\">Rows per page:</p><div class=\\"MuiInputBase-root MuiTablePagination-input MuiTablePagination-selectRoot Component-paginationSelectRoot-4\\"><div class=\\"MuiSelect-root MuiSelect-select MuiTablePagination-select MuiSelect-selectMenu MuiInputBase-input\\" tabindex=\\"0\\" role=\\"button\\" aria-labelledby=\\" \\" aria-haspopup=\\"listbox\\"><div style=\\"padding: 0px 5px;\\">5 rows </div></div><input type=\\"hidden\\" value=\\"5\\"><svg class=\\"MuiSvgIcon-root MuiSelect-icon MuiTablePagination-selectIcon\\" focusable=\\"false\\" viewBox=\\"0 0 24 24\\" aria-hidden=\\"true\\" role=\\"presentation\\"><path d=\\"M7 10l5 5 5-5z\\"></path></svg></div><p class=\\"MuiTypography-root MuiTablePagination-caption Component-paginationCaption-3 MuiTypography-body2 MuiTypography-colorInherit\\">1-2 of 2</p><div class=\\"MTablePaginationInner-root-212\\"><span title=\\"first_page\\" class=\\"\\"><button class=\\"MuiButtonBase-root MuiIconButton-root Mui-disabled Mui-disabled\\" tabindex=\\"-1\\" type=\\"button\\" disabled=\\"\\" aria-label=\\"first_page\\"><span class=\\"MuiIconButton-label\\"><svg class=\\"MuiSvgIcon-root\\" focusable=\\"false\\" viewBox=\\"0 0 24 24\\" aria-hidden=\\"true\\" role=\\"presentation\\"><path d=\\"M18.41 16.59L13.82 12l4.59-4.59L17 6l-6 6 6 6zM6 6h2v12H6z\\"></path></svg></span></button></span><span title=\\"previous_page\\" class=\\"\\"><button class=\\"MuiButtonBase-root MuiIconButton-root Mui-disabled Mui-disabled\\" tabindex=\\"-1\\" type=\\"button\\" disabled=\\"\\" aria-label=\\"previous_page\\"><span class=\\"MuiIconButton-label\\"><svg class=\\"MuiSvgIcon-root\\" focusable=\\"false\\" viewBox=\\"0 0 24 24\\" aria-hidden=\\"true\\" role=\\"presentation\\"><path d=\\"M15.41 7.41L14 6l-6 6 6 6 1.41-1.41L10.83 12z\\"></path></svg></span></button></span><span class=\\"MuiTypography-root MuiTypography-caption\\" style=\\"flex: 1; text-align: center; align-self: center; flex-basis: inherit;\\">1-2 of 2</span><span title=\\"next_page\\" class=\\"\\"><button class=\\"MuiButtonBase-root MuiIconButton-root Mui-disabled Mui-disabled\\" tabindex=\\"-1\\" type=\\"button\\" disabled=\\"\\" aria-label=\\"next_page\\"><span class=\\"MuiIconButton-label\\"><svg class=\\"MuiSvgIcon-root\\" focusable=\\"false\\" viewBox=\\"0 0 24 24\\" aria-hidden=\\"true\\" role=\\"presentation\\"><path d=\\"M10 6L8.59 7.41 13.17 12l-4.58 4.59L10 18l6-6z\\"></path></svg></span></button></span><span title=\\"last_page\\" class=\\"\\"><button class=\\"MuiButtonBase-root MuiIconButton-root Mui-disabled Mui-disabled\\" tabindex=\\"-1\\" type=\\"button\\" disabled=\\"\\" aria-label=\\"last_page\\"><span class=\\"MuiIconButton-label\\"><svg class=\\"MuiSvgIcon-root\\" focusable=\\"false\\" viewBox=\\"0 0 24 24\\" aria-hidden=\\"true\\" role=\\"presentation\\"><path d=\\"M5.59 7.41L10.18 12l-4.59 4.59L7 18l6-6-6-6zM16 6h2v12h-2z\\"></path></svg></span></button></span></div></div></td></tr></tfoot></table></div></div>"`;
