// Jest Snapshot v1, https://goo.gl/fbAQLP

exports[`DocumentAttachments matches the snapshot 1`] = `ReactWrapper {}`;
