// Jest Snapshot v1, https://goo.gl/fbAQLP

exports[`PreviewDocumentScans PreviewDocumentScans matches snapshot 1`] = `"<div style=\\"padding: 20px 5px;\\"><input type=\\"file\\" id=\\"upload-scanned-doc-input\\" required=\\"\\" accept=\\"image/*\\" style=\\"display: none;\\" multiple=\\"\\"><div class=\\"MuiPaper-root MuiCard-root MuiPaper-elevation1 MuiPaper-rounded\\"><div class=\\"MuiCardContent-root\\"><h2 class=\\"MuiTypography-root MuiTypography-h5 MuiTypography-gutterBottom MuiTypography-alignLeft\\">previewdoc_scanneddoc</h2></div><div class=\\"withI18nextTranslation(PreviewDocumentScans)-buttonUploadScannedDoc-15 buttonUploadScannedDoc\\"><div class=\\"withI18nextTranslation(PreviewDocumentScans)-docMediaContainer-12 docMediaContainer\\"><img class=\\"MuiCardMedia-root withI18nextTranslation(PreviewDocumentScans)-media-13 media MuiCardMedia-media MuiCardMedia-img\\" src=\\"imageURI 1\\" id=\\"scanned-doc-img-card\\" title=\\"previewdoc_scanneddoc\\"></div><div class=\\"withI18nextTranslation(PreviewDocumentScans)-docMediaContainer-12 docMediaContainer\\"><img class=\\"MuiCardMedia-root withI18nextTranslation(PreviewDocumentScans)-media-13 media MuiCardMedia-media MuiCardMedia-img\\" src=\\"imageURI 2\\" id=\\"scanned-doc-img-card\\" title=\\"previewdoc_scanneddoc\\"></div></div></div></div>"`;
