// Jest Snapshot v1, https://goo.gl/fbAQLP

exports[`PrintDocument PrintDocument matches snapshot 1`] = `"<div></div>"`;
