// Jest Snapshot v1, https://goo.gl/fbAQLP

exports[`UpdateOrPreviewDocumentDialog UpdateOrPreviewDocumentDialog matches snapshot 1`] = `"<div><div></div></div>"`;
