// Jest Snapshot v1, https://goo.gl/fbAQLP

exports[`SubmissionStep matches the snapshot 1`] = `ReactWrapper {}`;
